// Jest Snapshot v1, https://goo.gl/fbAQLP

exports[`works with react-test-renderer without float 1`] = `
<div>
  foo
</div>
`;
